Parsed ..\test\libic.sig successfully!
Parsed ..\test\IlegalPrograms\bad_scope_1.ic successfully!

semantic error at line 4: location not found: i
