Parsed ..\test\libic.sig successfully!
Parsed ..\test\LegalPrograms\library_methods.ic successfully!

semantic error at line 17: Unresolved call to: Library.itos
